Mach Virtual Memory Statistics: (page size of 16384 bytes)
    free   active   specul inactive throttle    wired  prgable   faults     copy    0fill reactive   purged file-backed anonymous cmprssed cmprssor  dcomprs   comprs  pageins  pageout  swapins swapouts
 7817508   124328    79782    55822        0   200215     7199 42173800  1333993 12282021 69018422   103967      160724     99208   162603    52523  1585022  2309096 35443665     2859        0        0 
 6022138   153548    81057    80994        0  1940392    16850    69882     1749   147533        7        6      165909    149690   160489    51715     1656        0  1732897        0        0        0 
   28142   482626    87554  5189798        0  2490693    12228    46232     1061   244632       21       73     5352452    407526   157252    50776     3194        0  5755801        0        0        0 
    4024  3647058     4391  3641427        0   837318    23772  2218300      782   139182 10059065    15141     7193568     99308   458912   195238   255409   565718  3743199       69        0       24 
    3606  3664101     2379  3661039        0   840274    10528  2372489      524    14921   682425      409     7206870    120649   416429   158766    42436        0   904199       32        0        0 
    3805  3678019     2487  3674724        0   836716     3317  1558322      391    12768   944990     7254     7214001    141229   390448   133997    25970        0   799859      106        0        0 
    3561  3681056     1651  3678382        0   837474     1424   833973      394    10273   942447     2286     7227348    133741   392513   127569    16741    18859   622878       25        0        0 
    3647  3687371     1753  3684651        0   834109     1431   555530      391     8894   869557        6     7229323    144452   383917   118621    10034     1432   486920       17        0        0 
    3983  3685886     1635  3683323        0   832416     1383   410530      403     9777  2864601      442     7236534    134310   393731   122833     7353    17178   396769       17        0        0 
    4054  3689466     1798  3686679        0   830053     1467   452998      387     8345  1404618        6     7239095    138848   389381   118128     9810     5487   438070       36        0        0 
    4126  3688506     1565  3686134        0   831929     1464   427673      387    13544  1645601      281     7238768    137437   388844   117131     9419     8933   416369       16        0        0 
    3877  3686503     1714  3683797        0   831903     1407   446965      255    11293  2716651       71     7242438    129576   396444   122621     7680    15362   436286       36        0        0 
    3512  3688972     1939  3685997        0   831912     1412   582639      388    10041  1397034      398     7240481    136427   389624   117115    13210     6441   570028       13        0        0 
    3813  3687352    12343  3673889        0   830720     1706   560011     2744    22931  1496597       73     7221653    151931   388479   121888    19673    18539   500608       28        0        0 
    3880  3677474     1575  3674779        0   860275    10977   519910     1068    79047  2219519       36     7170490    183338   366667   111783    27030     5354   460252      139        0        0 
    3715  3676033     2184  3672612        0   859389     8632   462356      418    11287  1262658      702     7186753    164076   373228   115818     9869    17553   442922       31        0        0 
    3462  3675744     3531  3671029        0   863996     1502   697205      721    24059  2065697     7634     7193515    156789   368191   111667    18285    15348   667469       43        0        0 
    3711  3677648     1654  3675051        0   862315     9270   651702      707    66676  1208445      392     7183376    170977   366311   109237    11491     9648   617191       53        0        0 
    3587  3677770     1575  3675397        0   860842    10582   510246      764    38576  1134856       12     7184495    170247   368028   110259     9679    11449   492484       36        0        0 
    4076  3675915     1258  3673609        0   860783     6863   400623      385    39643  1105068      392     7190554    160228   377133   114130     6135    15250   389536       26        0        0 
    3780  3675722     1553  3673042        0   860702     6833   396462      387    43532  1380075      390     7195042    155275   381358   115021     6769    11141   384728       17        0        0 
Mach Virtual Memory Statistics: (page size of 16384 bytes)
    free   active   specul inactive throttle    wired  prgable   faults     copy    0fill reactive   purged file-backed anonymous cmprssed cmprssor  dcomprs   comprs  pageins  pageout  swapins swapouts
    3968  3673923     1346  3671288        0   860695     1498 56676198  1348684 13281502  105825K   140760     7207666    138891   397444   118170  2102887  3074896 56017821     3632        0       24 
    4126  3676156     1265  3673588        0   862061     8686   419725     1313    55932  2095143       81     7186893    164116   375009   112646    29986     7736   363762       58        0        0 
    4068  3676023     2328  3672316        0   861860     3379   382887      258     8411  1295572     4018     7193999    156668   376034   113766     7767    10575   369429       26        0        0 
    3993  3675442     1216  3672823        0   861865     3295   403784      386     8492  2058512      488     7196784    152697   377170   114907     8405    11345   392356       44        0        0 
    3994  3674030     1196  3671408        0   861756     1418   368295      384     6832  1683871     1926     7207132    139502   388509   117654     7001    18359   355283       30        0        0 
    4052  3678112     1892  3674595        0   860213    10756   395778     1054    52240  1593106       46     7178004    176595   367296   111278    28358     7273   330661       93        0        0 
    3760  3677387     1690  3674416        0   861988    10548   348159      391    11693  1716360      598     7182427    171066   368604   111214     5117     6431   332350       58        0        0 
    3597  3675480     1451  3672891        0   861843     1385   428504      389    11322  1696077     7686     7194433    155389   373148   114049     6904    13329   412878       27        0        0 
    3761  3674936     1717  3671918        0   861784     1398   461844      404     7047  1566445      824     7203109    145462   382715   115802     7695    17265   450125       27        0        0 
    3837  3674614     1407  3671759        0   859800     1458   415744      573     9546  1661004      433     7205729    142051   388330   118311    10011    15624   402039       36        0        0 
    3906  3673585     1487  3670564        0   863140      116   482778      412     8387  1953886       31     7204933    140703   386646   117236     8867     7209   470535       17        0        0 
    4082  3674443     1921  3670947        0   859696     1394   597915      259     8690  1801106      872     7207744    139567   390867   118573    11961    16202   587419       21        0        0 
    3716  3672284     1467  3669153        0   867422     6888   428207      904    38651  1529768      400     7191624    151281   381671   115775    16839     7684   395071       36        0        0 
    3888  3675947     1467  3673612        0   862032     8801   484331      523    16558  2306555       10     7189381    161645   375869   113462    12485     6703   454541       43        0        0 
    3872  3675143     1420  3672782        0   861806     1423   508776      387     8551  1417417     5944     7198751    150594   377507   115056     9564    13120   494642       84        0        0 
    4041  3673677     1383  3671300        0   861794     1379   448869      388     6989  1872729      434     7206370    139990   388055   117706     9205    19764   437964       25        0        0 
    3803  3672518     2726  3668647        0   861782     1439   467416      388    11259  2122246       30     7205867    138024   391943   120185    10451    14339   448189       31        0        0 
    3854  3673462     1406  3671375        0   861840     1461   383810      387     9787  1421750      288     7202883    143360   386520   117949    12001     6699   364049       61        0        0 
    3996  3673859     1343  3671526        0   861728     1399   454792      453     8164  1824286       93     7204999    141730   386333   117482     7475     7295   443337       15        0        0 
    4019  3673069     1511  3670472        0   861729     1407   447661      254    11794  2285164     1746     7206111    138941   389201   119150    10161    13035   436199       36        0        0 
    4067  3674108     1298  3671646        0   859708     1401   453766      393     8490  1936299      790     7209180    137872   391926   119303     7841    10572   441963       17        0        0 
Mach Virtual Memory Statistics: (page size of 16384 bytes)
    free   active   specul inactive throttle    wired  prgable   faults     copy    0fill reactive   purged file-backed anonymous cmprssed cmprssor  dcomprs   comprs  pageins  pageout  swapins swapouts
    3747  3672654     1606  3669840        0   861727     1385 65859198  1358975 13601704  143005K   169616     7208683    135417   392371   119548  2339664  3314581 64789630     4442        0       24 
    4018  3671649     9718  3660887        0   862666     1715   583301     3534    30339  2548851      478     7180409    161845   386552   121433    21466    15655   507627       38        0        0 
    4052  3670504     2234  3667003        0   869975     1889   683901      978    15197  1894073      407     7164667    175074   376372   115754    19630     9569   650147      120        0        0 
    3744  3668172     1836  3665081        0   872765     1544   648280      433    11400  1542743      181     7170718    164371   379329   118306    14549    18696   628799       53        0        0 
    3551  2528068      398  2527337        0  3127063     4516   432458      387    18954  1418294      262     4801213    254590   411709   143351    11869    44352   852538       17        0        0 
    3513  3111648     1138  3109279        0  1676208     5715   150841      930   125905  5935512     7129     6165607     56458   665039   427893   217866   477939  1820381       45        0        0 
    4568  1141590      418  1136444        0  5772246    13544    68229      518    68610    15207     2144     2113325    165127   451500   274917   214431     3125  3804712       42        0        0 
    4122  2721671     2411  5125698        0   212750    10842    74306     1272    75022  1540525     1985     7514154    335626   432688   262826    18142        0    10388        6        0        0 
    4932  2723996     2896  5125682        0   209444    12805    23358      572    46427       11      384     7514903    337671   431506   262430     1097        0      597        0        0        0 
   16419  2728950     4094  5125815        0   192584    11099    23946      834    26339        4      576     7516445    342414   429597   261804     1907        0      610        0        0        0 
    4442  2726802     1548  5125829        0   209702    11154    19472      388    28473        2      386     7514055    340124   428453   261308      886        0      371       10        0        0 
   55347  3778249     4753  3770192        0   233003    12451   453015    12604   340648  3977820      740     7453833     99361   725003   488372    26970   329700    58327      115        0        0 
    5464  3782987    27342  3784201        0   245102     7339   371191    16664   216394     3395      516     7437678    156852   712551   484967    12884     1024    34783       25        0        0 
   47919  3784704    19554  3779883        0   213784    11942    67707      845   109899       77     1099     7430888    153253   709123   483779     2242        0     1631        2        0        0 
   60196  3792187    22101  3777577        0   194772    21227   115721     4061   125491      113      401     7434782    157083   699455   483005     5855        0     2933        0        0        0 
   43747  3792722    10644  3781017        0   219551    28132   175235     2994   274470     5711      413     7397197    187186   696175   482123     7782     4593    18795       31        0        0 
   73189  3789149    11786  3777393        0   196267    31412    23193      561    48028       81      443     7399048    179280   695535   481852      409        0     1092        0        0        0 
   78046  3782671    11802  3774783        0   200785    27033    18969      483    26236       30       24     7399071    170185   694983   481728      527        0       20        0        0        0 
   67238  3781000    11852  3774876        0   213103    25409    19774      564    49559       17      389     7399123    168605   694369   481439      577        0       18        0        0        0 
